Input: q=-128

Bindings:

string
  MinimalApis
    r = "-128"
  Controllers
    r = "-128"

string?
  MinimalApis
    r = "-128"
  Controllers
    r = "-128"

string[]
  MinimalApis
    r = ["-128"]
  Controllers
    r = ["-128"]

char
  MinimalApis
    e = 400 Bad Request (Failed to bind parameter "char q" from "-128".)
  Controllers
    e = 400 Bad Request (The value '-128' is not valid.)

char?
  MinimalApis
    e = 400 Bad Request (Failed to bind parameter "Nullable<char> q" from "-128".)
  Controllers
    e = 400 Bad Request (The value '-128' is not valid.)

char[]
  MinimalApis
    e = 400 Bad Request (Failed to bind parameter "char[] q" from "-128".)
  Controllers
    e = 400 Bad Request (The value '-128' is not valid.)

int
  MinimalApis
    r = -128
  Controllers
    r = -128

int?
  MinimalApis
    r = -128
  Controllers
    r = -128

int[]
  MinimalApis
    r = [-128]
  Controllers
    r = [-128]

double
  MinimalApis
    r = -128
  Controllers
    r = -128

double?
  MinimalApis
    r = -128
  Controllers
    r = -128

double[]
  MinimalApis
    r = [-128]
  Controllers
    r = [-128]

float
  MinimalApis
    r = -128
  Controllers
    r = -128

float?
  MinimalApis
    r = -128
  Controllers
    r = -128

float[]
  MinimalApis
    r = [-128]
  Controllers
    r = [-128]

decimal
  MinimalApis
    r = -128
  Controllers
    r = -128

decimal?
  MinimalApis
    r = -128
  Controllers
    r = -128

decimal[]
  MinimalApis
    r = [-128]
  Controllers
    r = [-128]

bool
  MinimalApis
    e = 400 Bad Request (Failed to bind parameter "bool q" from "-128".)
  Controllers
    e = 400 Bad Request (The value '-128' is not valid.)

bool?
  MinimalApis
    e = 400 Bad Request (Failed to bind parameter "Nullable<bool> q" from "-128".)
  Controllers
    e = 400 Bad Request (The value '-128' is not valid.)

bool[]
  MinimalApis
    e = 400 Bad Request (Failed to bind parameter "bool[] q" from "-128".)
  Controllers
    e = 400 Bad Request (The value '-128' is not valid.)

uint
  MinimalApis
    e = 400 Bad Request (Failed to bind parameter "uint q" from "-128".)
  Controllers
    e = 400 Bad Request (The value '-128' is not valid.)

uint?
  MinimalApis
    e = 400 Bad Request (Failed to bind parameter "Nullable<uint> q" from "-128".)
  Controllers
    e = 400 Bad Request (The value '-128' is not valid.)

uint[]
  MinimalApis
    e = 400 Bad Request (Failed to bind parameter "uint[] q" from "-128".)
  Controllers
    e = 400 Bad Request (The value '-128' is not valid.)

long
  MinimalApis
    r = -128
  Controllers
    r = -128

long?
  MinimalApis
    r = -128
  Controllers
    r = -128

long[]
  MinimalApis
    r = [-128]
  Controllers
    r = [-128]

ulong
  MinimalApis
    e = 400 Bad Request (Failed to bind parameter "ulong q" from "-128".)
  Controllers
    e = 400 Bad Request (The value '-128' is not valid.)

ulong?
  MinimalApis
    e = 400 Bad Request (Failed to bind parameter "Nullable<ulong> q" from "-128".)
  Controllers
    e = 400 Bad Request (The value '-128' is not valid.)

ulong[]
  MinimalApis
    e = 400 Bad Request (Failed to bind parameter "ulong[] q" from "-128".)
  Controllers
    e = 400 Bad Request (The value '-128' is not valid.)

sbyte
  MinimalApis
    r = -128
  Controllers
    r = -128

sbyte?
  MinimalApis
    r = -128
  Controllers
    r = -128

sbyte[]
  MinimalApis
    r = [-128]
  Controllers
    r = [-128]

short
  MinimalApis
    r = -128
  Controllers
    r = -128

short?
  MinimalApis
    r = -128
  Controllers
    r = -128

short[]
  MinimalApis
    r = [-128]
  Controllers
    r = [-128]

ushort
  MinimalApis
    e = 400 Bad Request (Failed to bind parameter "ushort q" from "-128".)
  Controllers
    e = 400 Bad Request (The value '-128' is not valid.)

ushort?
  MinimalApis
    e = 400 Bad Request (Failed to bind parameter "Nullable<ushort> q" from "-128".)
  Controllers
    e = 400 Bad Request (The value '-128' is not valid.)

ushort[]
  MinimalApis
    e = 400 Bad Request (Failed to bind parameter "ushort[] q" from "-128".)
  Controllers
    e = 400 Bad Request (The value '-128' is not valid.)

byte
  MinimalApis
    e = 400 Bad Request (Failed to bind parameter "byte q" from "-128".)
  Controllers
    e = 400 Bad Request (The value '-128' is not valid.)

byte?
  MinimalApis
    e = 400 Bad Request (Failed to bind parameter "Nullable<byte> q" from "-128".)
  Controllers
    e = 400 Bad Request (The value '-128' is not valid.)

byte[]
  MinimalApis
    e = 400 Bad Request (Failed to bind parameter "byte[] q" from "-128".)
  Controllers
    e = 400 Bad Request (The value '-128' is not valid.)

DateTime
  MinimalApis
    e = 400 Bad Request (Failed to bind parameter "DateTime q" from "-128".)
  Controllers
    e = 400 Bad Request (The value '-128' is not valid.)

DateTime?
  MinimalApis
    e = 400 Bad Request (Failed to bind parameter "Nullable<DateTime> q" from "-128".)
  Controllers
    e = 400 Bad Request (The value '-128' is not valid.)

DateTime[]
  MinimalApis
    e = 400 Bad Request (Failed to bind parameter "DateTime[] q" from "-128".)
  Controllers
    e = 400 Bad Request (The value '-128' is not valid.)

DateTimeOffset
  MinimalApis
    e = 400 Bad Request (Failed to bind parameter "DateTimeOffset q" from "-128".)
  Controllers
    e = 400 Bad Request (The value '-128' is not valid.)

DateTimeOffset?
  MinimalApis
    e = 400 Bad Request (Failed to bind parameter "Nullable<DateTimeOffset> q" from "-128".)
  Controllers
    e = 400 Bad Request (The value '-128' is not valid.)

DateTimeOffset[]
  MinimalApis
    e = 400 Bad Request (Failed to bind parameter "DateTimeOffset[] q" from "-128".)
  Controllers
    e = 400 Bad Request (The value '-128' is not valid.)

DateOnly
  MinimalApis
    e = 400 Bad Request (Failed to bind parameter "DateOnly q" from "-128".)
  Controllers
    e = 400 Bad Request (The value '-128' is not valid.)

DateOnly?
  MinimalApis
    e = 400 Bad Request (Failed to bind parameter "Nullable<DateOnly> q" from "-128".)
  Controllers
    e = 400 Bad Request (The value '-128' is not valid.)

DateOnly[]
  MinimalApis
    e = 400 Bad Request (Failed to bind parameter "DateOnly[] q" from "-128".)
  Controllers
    e = 400 Bad Request (The value '-128' is not valid.)

TimeOnly
  MinimalApis
    e = 400 Bad Request (Failed to bind parameter "TimeOnly q" from "-128".)
  Controllers
    e = 400 Bad Request (The value '-128' is not valid.)

TimeOnly?
  MinimalApis
    e = 400 Bad Request (Failed to bind parameter "Nullable<TimeOnly> q" from "-128".)
  Controllers
    e = 400 Bad Request (The value '-128' is not valid.)

TimeOnly[]
  MinimalApis
    e = 400 Bad Request (Failed to bind parameter "TimeOnly[] q" from "-128".)
  Controllers
    e = 400 Bad Request (The value '-128' is not valid.)
