Input: q=3.4028235E%2B38

Bindings:

string
  MinimalApis
    r = "3.4028235E+38"
  Controllers
    r = "3.4028235E\u002B38"

string?
  MinimalApis
    r = "3.4028235E+38"
  Controllers
    r = "3.4028235E\u002B38"

string[]
  MinimalApis
    r = ["3.4028235E+38"]
  Controllers
    r = ["3.4028235E\u002B38"]

char
  MinimalApis
    e = 400 Bad Request (Failed to bind parameter "char q" from "3.4028235E+38".)
  Controllers
    e = 400 Bad Request (The value '3.4028235E+38' is not valid.)

char?
  MinimalApis
    e = 400 Bad Request (Failed to bind parameter "Nullable<char> q" from "3.4028235E+38".)
  Controllers
    e = 400 Bad Request (The value '3.4028235E+38' is not valid.)

char[]
  MinimalApis
    e = 400 Bad Request (Failed to bind parameter "char[] q" from "3.4028235E+38".)
  Controllers
    e = 400 Bad Request (The value '3.4028235E+38' is not valid.)

int
  MinimalApis
    e = 400 Bad Request (Failed to bind parameter "int q" from "3.4028235E+38".)
  Controllers
    e = 400 Bad Request (The value '3.4028235E+38' is not valid.)

int?
  MinimalApis
    e = 400 Bad Request (Failed to bind parameter "Nullable<int> q" from "3.4028235E+38".)
  Controllers
    e = 400 Bad Request (The value '3.4028235E+38' is not valid.)

int[]
  MinimalApis
    e = 400 Bad Request (Failed to bind parameter "int[] q" from "3.4028235E+38".)
  Controllers
    e = 400 Bad Request (The value '3.4028235E+38' is not valid.)

double
  MinimalApis
    r = 3.4028235E+38
  Controllers
    r = 3.4028235E+38

double?
  MinimalApis
    r = 3.4028235E+38
  Controllers
    r = 3.4028235E+38

double[]
  MinimalApis
    r = [3.4028235E+38]
  Controllers
    r = [3.4028235E+38]

float
  MinimalApis
    r = 3.4028235E+38
  Controllers
    r = 3.4028235E+38

float?
  MinimalApis
    r = 3.4028235E+38
  Controllers
    r = 3.4028235E+38

float[]
  MinimalApis
    r = [3.4028235E+38]
  Controllers
    r = [3.4028235E+38]

decimal
  MinimalApis
    e = 400 Bad Request (Failed to bind parameter "decimal q" from "3.4028235E+38".)
  Controllers
    e = 400 Bad Request (The value '3.4028235E+38' is not valid.)

decimal?
  MinimalApis
    e = 400 Bad Request (Failed to bind parameter "Nullable<decimal> q" from "3.4028235E+38".)
  Controllers
    e = 400 Bad Request (The value '3.4028235E+38' is not valid.)

decimal[]
  MinimalApis
    e = 400 Bad Request (Failed to bind parameter "decimal[] q" from "3.4028235E+38".)
  Controllers
    e = 400 Bad Request (The value '3.4028235E+38' is not valid.)

bool
  MinimalApis
    e = 400 Bad Request (Failed to bind parameter "bool q" from "3.4028235E+38".)
  Controllers
    e = 400 Bad Request (The value '3.4028235E+38' is not valid.)

bool?
  MinimalApis
    e = 400 Bad Request (Failed to bind parameter "Nullable<bool> q" from "3.4028235E+38".)
  Controllers
    e = 400 Bad Request (The value '3.4028235E+38' is not valid.)

bool[]
  MinimalApis
    e = 400 Bad Request (Failed to bind parameter "bool[] q" from "3.4028235E+38".)
  Controllers
    e = 400 Bad Request (The value '3.4028235E+38' is not valid.)

uint
  MinimalApis
    e = 400 Bad Request (Failed to bind parameter "uint q" from "3.4028235E+38".)
  Controllers
    e = 400 Bad Request (The value '3.4028235E+38' is not valid.)

uint?
  MinimalApis
    e = 400 Bad Request (Failed to bind parameter "Nullable<uint> q" from "3.4028235E+38".)
  Controllers
    e = 400 Bad Request (The value '3.4028235E+38' is not valid.)

uint[]
  MinimalApis
    e = 400 Bad Request (Failed to bind parameter "uint[] q" from "3.4028235E+38".)
  Controllers
    e = 400 Bad Request (The value '3.4028235E+38' is not valid.)

long
  MinimalApis
    e = 400 Bad Request (Failed to bind parameter "long q" from "3.4028235E+38".)
  Controllers
    e = 400 Bad Request (The value '3.4028235E+38' is not valid.)

long?
  MinimalApis
    e = 400 Bad Request (Failed to bind parameter "Nullable<long> q" from "3.4028235E+38".)
  Controllers
    e = 400 Bad Request (The value '3.4028235E+38' is not valid.)

long[]
  MinimalApis
    e = 400 Bad Request (Failed to bind parameter "long[] q" from "3.4028235E+38".)
  Controllers
    e = 400 Bad Request (The value '3.4028235E+38' is not valid.)

ulong
  MinimalApis
    e = 400 Bad Request (Failed to bind parameter "ulong q" from "3.4028235E+38".)
  Controllers
    e = 400 Bad Request (The value '3.4028235E+38' is not valid.)

ulong?
  MinimalApis
    e = 400 Bad Request (Failed to bind parameter "Nullable<ulong> q" from "3.4028235E+38".)
  Controllers
    e = 400 Bad Request (The value '3.4028235E+38' is not valid.)

ulong[]
  MinimalApis
    e = 400 Bad Request (Failed to bind parameter "ulong[] q" from "3.4028235E+38".)
  Controllers
    e = 400 Bad Request (The value '3.4028235E+38' is not valid.)

sbyte
  MinimalApis
    e = 400 Bad Request (Failed to bind parameter "sbyte q" from "3.4028235E+38".)
  Controllers
    e = 400 Bad Request (The value '3.4028235E+38' is not valid.)

sbyte?
  MinimalApis
    e = 400 Bad Request (Failed to bind parameter "Nullable<sbyte> q" from "3.4028235E+38".)
  Controllers
    e = 400 Bad Request (The value '3.4028235E+38' is not valid.)

sbyte[]
  MinimalApis
    e = 400 Bad Request (Failed to bind parameter "sbyte[] q" from "3.4028235E+38".)
  Controllers
    e = 400 Bad Request (The value '3.4028235E+38' is not valid.)

short
  MinimalApis
    e = 400 Bad Request (Failed to bind parameter "short q" from "3.4028235E+38".)
  Controllers
    e = 400 Bad Request (The value '3.4028235E+38' is not valid.)

short?
  MinimalApis
    e = 400 Bad Request (Failed to bind parameter "Nullable<short> q" from "3.4028235E+38".)
  Controllers
    e = 400 Bad Request (The value '3.4028235E+38' is not valid.)

short[]
  MinimalApis
    e = 400 Bad Request (Failed to bind parameter "short[] q" from "3.4028235E+38".)
  Controllers
    e = 400 Bad Request (The value '3.4028235E+38' is not valid.)

ushort
  MinimalApis
    e = 400 Bad Request (Failed to bind parameter "ushort q" from "3.4028235E+38".)
  Controllers
    e = 400 Bad Request (The value '3.4028235E+38' is not valid.)

ushort?
  MinimalApis
    e = 400 Bad Request (Failed to bind parameter "Nullable<ushort> q" from "3.4028235E+38".)
  Controllers
    e = 400 Bad Request (The value '3.4028235E+38' is not valid.)

ushort[]
  MinimalApis
    e = 400 Bad Request (Failed to bind parameter "ushort[] q" from "3.4028235E+38".)
  Controllers
    e = 400 Bad Request (The value '3.4028235E+38' is not valid.)

byte
  MinimalApis
    e = 400 Bad Request (Failed to bind parameter "byte q" from "3.4028235E+38".)
  Controllers
    e = 400 Bad Request (The value '3.4028235E+38' is not valid.)

byte?
  MinimalApis
    e = 400 Bad Request (Failed to bind parameter "Nullable<byte> q" from "3.4028235E+38".)
  Controllers
    e = 400 Bad Request (The value '3.4028235E+38' is not valid.)

byte[]
  MinimalApis
    e = 400 Bad Request (Failed to bind parameter "byte[] q" from "3.4028235E+38".)
  Controllers
    e = 400 Bad Request (The value '3.4028235E+38' is not valid.)

DateTime
  MinimalApis
    e = 400 Bad Request (Failed to bind parameter "DateTime q" from "3.4028235E+38".)
  Controllers
    e = 400 Bad Request (The value '3.4028235E+38' is not valid.)

DateTime?
  MinimalApis
    e = 400 Bad Request (Failed to bind parameter "Nullable<DateTime> q" from "3.4028235E+38".)
  Controllers
    e = 400 Bad Request (The value '3.4028235E+38' is not valid.)

DateTime[]
  MinimalApis
    e = 400 Bad Request (Failed to bind parameter "DateTime[] q" from "3.4028235E+38".)
  Controllers
    e = 400 Bad Request (The value '3.4028235E+38' is not valid.)

DateTimeOffset
  MinimalApis
    e = 400 Bad Request (Failed to bind parameter "DateTimeOffset q" from "3.4028235E+38".)
  Controllers
    e = 400 Bad Request (The value '3.4028235E+38' is not valid.)

DateTimeOffset?
  MinimalApis
    e = 400 Bad Request (Failed to bind parameter "Nullable<DateTimeOffset> q" from "3.4028235E+38".)
  Controllers
    e = 400 Bad Request (The value '3.4028235E+38' is not valid.)

DateTimeOffset[]
  MinimalApis
    e = 400 Bad Request (Failed to bind parameter "DateTimeOffset[] q" from "3.4028235E+38".)
  Controllers
    e = 400 Bad Request (The value '3.4028235E+38' is not valid.)

DateOnly
  MinimalApis
    e = 400 Bad Request (Failed to bind parameter "DateOnly q" from "3.4028235E+38".)
  Controllers
    e = 400 Bad Request (The value '3.4028235E+38' is not valid.)

DateOnly?
  MinimalApis
    e = 400 Bad Request (Failed to bind parameter "Nullable<DateOnly> q" from "3.4028235E+38".)
  Controllers
    e = 400 Bad Request (The value '3.4028235E+38' is not valid.)

DateOnly[]
  MinimalApis
    e = 400 Bad Request (Failed to bind parameter "DateOnly[] q" from "3.4028235E+38".)
  Controllers
    e = 400 Bad Request (The value '3.4028235E+38' is not valid.)

TimeOnly
  MinimalApis
    e = 400 Bad Request (Failed to bind parameter "TimeOnly q" from "3.4028235E+38".)
  Controllers
    e = 400 Bad Request (The value '3.4028235E+38' is not valid.)

TimeOnly?
  MinimalApis
    e = 400 Bad Request (Failed to bind parameter "Nullable<TimeOnly> q" from "3.4028235E+38".)
  Controllers
    e = 400 Bad Request (The value '3.4028235E+38' is not valid.)

TimeOnly[]
  MinimalApis
    e = 400 Bad Request (Failed to bind parameter "TimeOnly[] q" from "3.4028235E+38".)
  Controllers
    e = 400 Bad Request (The value '3.4028235E+38' is not valid.)
