Input: 0

Bindings:
string     "0"
string[]   ["0"]
char       "0"
char[]     ["0"]
int        0
int[]      [0]
double     0
double[]   [0]
float      0
float[]    [0]
decimal    0
decimal[]  [0]
uint       0
uint[]     [0]
long       0
long[]     [0]
ulong      0
ulong[]    [0]
sbyte      0
sbyte[]    [0]
short      0
short[]    [0]
ushort     0
ushort[]   [0]
byte       0
byte[]     "AA=="

Erroneous:
bool       400 Bad Request
bool[]     400 Bad Request
