[
  "BindingResult { Type = string, Result = \"1,2,3\", Error = , IsErroneous = False }",
  "BindingResult { Type = string[], Result = [\"1\",\"2\",\"3\"], Error = , IsErroneous = False }",
  "BindingResult { Type = char[], Result = [\"1\",\"2\",\"3\"], Error = , IsErroneous = False }",
  "BindingResult { Type = int[], Result = [1,2,3], Error = , IsErroneous = False }",
  "BindingResult { Type = double, Result = 123, Error = , IsErroneous = False }",
  "BindingResult { Type = double[], Result = [1,2,3], Error = , IsErroneous = False }",
  "BindingResult { Type = float, Result = 123, Error = , IsErroneous = False }",
  "BindingResult { Type = float[], Result = [1,2,3], Error = , IsErroneous = False }",
  "BindingResult { Type = decimal, Result = 123, Error = , IsErroneous = False }",
  "BindingResult { Type = decimal[], Result = [1,2,3], Error = , IsErroneous = False }",
  "BindingResult { Type = uint[], Result = [1,2,3], Error = , IsErroneous = False }",
  "BindingResult { Type = long[], Result = [1,2,3], Error = , IsErroneous = False }",
  "BindingResult { Type = ulong[], Result = [1,2,3], Error = , IsErroneous = False }",
  "BindingResult { Type = sbyte[], Result = [1,2,3], Error = , IsErroneous = False }",
  "BindingResult { Type = short[], Result = [1,2,3], Error = , IsErroneous = False }",
  "BindingResult { Type = ushort[], Result = [1,2,3], Error = , IsErroneous = False }",
  "BindingResult { Type = byte[], Result = \"AQID\", Error = , IsErroneous = False }"
]
