Input: 1

Bindings:
string     "1"
string[]   ["1"]
char       "1"
char[]     ["1"]
int        1
int[]      [1]
double     1
double[]   [1]
float      1
float[]    [1]
decimal    1
decimal[]  [1]
uint       1
uint[]     [1]
long       1
long[]     [1]
ulong      1
ulong[]    [1]
sbyte      1
sbyte[]    [1]
short      1
short[]    [1]
ushort     1
ushort[]   [1]
byte       1
byte[]     "AQ=="

Erroneous:
bool       400 Bad Request
bool[]     400 Bad Request
