[
  "BindingResult { Type = string, Result = \"0\", Error = , IsErroneous = False }",
  "BindingResult { Type = string[], Result = [\"0\"], Error = , IsErroneous = False }",
  "BindingResult { Type = char, Result = \"0\", Error = , IsErroneous = False }",
  "BindingResult { Type = char[], Result = [\"0\"], Error = , IsErroneous = False }",
  "BindingResult { Type = int, Result = 0, Error = , IsErroneous = False }",
  "BindingResult { Type = int[], Result = [0], Error = , IsErroneous = False }",
  "BindingResult { Type = double, Result = 0, Error = , IsErroneous = False }",
  "BindingResult { Type = double[], Result = [0], Error = , IsErroneous = False }",
  "BindingResult { Type = float, Result = 0, Error = , IsErroneous = False }",
  "BindingResult { Type = float[], Result = [0], Error = , IsErroneous = False }",
  "BindingResult { Type = decimal, Result = 0, Error = , IsErroneous = False }",
  "BindingResult { Type = decimal[], Result = [0], Error = , IsErroneous = False }",
  "BindingResult { Type = uint, Result = 0, Error = , IsErroneous = False }",
  "BindingResult { Type = uint[], Result = [0], Error = , IsErroneous = False }",
  "BindingResult { Type = long, Result = 0, Error = , IsErroneous = False }",
  "BindingResult { Type = long[], Result = [0], Error = , IsErroneous = False }",
  "BindingResult { Type = ulong, Result = 0, Error = , IsErroneous = False }",
  "BindingResult { Type = ulong[], Result = [0], Error = , IsErroneous = False }",
  "BindingResult { Type = sbyte, Result = 0, Error = , IsErroneous = False }",
  "BindingResult { Type = sbyte[], Result = [0], Error = , IsErroneous = False }",
  "BindingResult { Type = short, Result = 0, Error = , IsErroneous = False }",
  "BindingResult { Type = short[], Result = [0], Error = , IsErroneous = False }",
  "BindingResult { Type = ushort, Result = 0, Error = , IsErroneous = False }",
  "BindingResult { Type = ushort[], Result = [0], Error = , IsErroneous = False }",
  "BindingResult { Type = byte, Result = 0, Error = , IsErroneous = False }",
  "BindingResult { Type = byte[], Result = \"AA==\", Error = , IsErroneous = False }"
]
