Input: -1.7976931348623157E%2B308

Bindings:
string     "-1.7976931348623157E+308"
string[]   ["-1.7976931348623157E+308"]
double     -1.7976931348623157E+308
double[]   [-1.7976931348623157E+308]
float      "-Infinity"
float[]    ["-Infinity"]

Erroneous:
char       400 Bad Request
char[]     400 Bad Request
int        400 Bad Request
int[]      400 Bad Request
decimal    400 Bad Request
decimal[]  400 Bad Request
bool       400 Bad Request
bool[]     400 Bad Request
uint       400 Bad Request
uint[]     400 Bad Request
long       400 Bad Request
long[]     400 Bad Request
ulong      400 Bad Request
ulong[]    400 Bad Request
sbyte      400 Bad Request
sbyte[]    400 Bad Request
short      400 Bad Request
short[]    400 Bad Request
ushort     400 Bad Request
ushort[]   400 Bad Request
byte       400 Bad Request
byte[]     400 Bad Request
