Input: 1&q=2&q=3

Bindings:
string     "1,2,3"
string[]   ["1","2","3"]
char[]     ["1","2","3"]
int[]      [1,2,3]
double     123
double[]   [1,2,3]
float      123
float[]    [1,2,3]
decimal    123
decimal[]  [1,2,3]
uint[]     [1,2,3]
long[]     [1,2,3]
ulong[]    [1,2,3]
sbyte[]    [1,2,3]
short[]    [1,2,3]
ushort[]   [1,2,3]
byte[]     "AQID"

Erroneous:
char       400 Bad Request
int        400 Bad Request
bool       400 Bad Request
bool[]     400 Bad Request
uint       400 Bad Request
long       400 Bad Request
ulong      400 Bad Request
sbyte      400 Bad Request
short      400 Bad Request
ushort     400 Bad Request
byte       400 Bad Request
