Input: -79228162514264337593543950335

Bindings:

string
  MinimalApis
    r = "-79228162514264337593543950335"
  Controllers
    r = "-79228162514264337593543950335"

string[]
  MinimalApis
    r = ["-79228162514264337593543950335"]
  Controllers
    r = ["-79228162514264337593543950335"]

char
  MinimalApis
    e = 400 Bad Request ()
  Controllers
    e = 400 Bad Request ()

char[]
  MinimalApis
    e = 400 Bad Request ()
  Controllers
    e = 400 Bad Request ()

int
  MinimalApis
    e = 400 Bad Request ()
  Controllers
    e = 400 Bad Request ()

int[]
  MinimalApis
    e = 400 Bad Request ()
  Controllers
    e = 400 Bad Request ()

double
  MinimalApis
    r = -7.922816251426434E+28
  Controllers
    r = -7.922816251426434E+28

double[]
  MinimalApis
    r = [-7.922816251426434E+28]
  Controllers
    r = [-7.922816251426434E+28]

float
  MinimalApis
    r = -7.9228163E+28
  Controllers
    r = -7.9228163E+28

float[]
  MinimalApis
    r = [-7.9228163E+28]
  Controllers
    r = [-7.9228163E+28]

decimal
  MinimalApis
    r = -79228162514264337593543950335
  Controllers
    r = -79228162514264337593543950335

decimal[]
  MinimalApis
    r = [-79228162514264337593543950335]
  Controllers
    r = [-79228162514264337593543950335]

bool
  MinimalApis
    e = 400 Bad Request ()
  Controllers
    e = 400 Bad Request ()

bool[]
  MinimalApis
    e = 400 Bad Request ()
  Controllers
    e = 400 Bad Request ()

uint
  MinimalApis
    e = 400 Bad Request ()
  Controllers
    e = 400 Bad Request ()

uint[]
  MinimalApis
    e = 400 Bad Request ()
  Controllers
    e = 400 Bad Request ()

long
  MinimalApis
    e = 400 Bad Request ()
  Controllers
    e = 400 Bad Request ()

long[]
  MinimalApis
    e = 400 Bad Request ()
  Controllers
    e = 400 Bad Request ()

ulong
  MinimalApis
    e = 400 Bad Request ()
  Controllers
    e = 400 Bad Request ()

ulong[]
  MinimalApis
    e = 400 Bad Request ()
  Controllers
    e = 400 Bad Request ()

sbyte
  MinimalApis
    e = 400 Bad Request ()
  Controllers
    e = 400 Bad Request ()

sbyte[]
  MinimalApis
    e = 400 Bad Request ()
  Controllers
    e = 400 Bad Request ()

short
  MinimalApis
    e = 400 Bad Request ()
  Controllers
    e = 400 Bad Request ()

short[]
  MinimalApis
    e = 400 Bad Request ()
  Controllers
    e = 400 Bad Request ()

ushort
  MinimalApis
    e = 400 Bad Request ()
  Controllers
    e = 400 Bad Request ()

ushort[]
  MinimalApis
    e = 400 Bad Request ()
  Controllers
    e = 400 Bad Request ()

byte
  MinimalApis
    e = 400 Bad Request ()
  Controllers
    e = 400 Bad Request ()

byte[]
  MinimalApis
    e = 400 Bad Request ()
  Controllers
    e = 400 Bad Request ()
