Input: 255

Bindings:

string
  MinimalApis
    r = "255"
  Controllers
    r = "255"

string[]
  MinimalApis
    r = ["255"]
  Controllers
    r = ["255"]

char
  MinimalApis
    e = 400 Bad Request ()
  Controllers
    e = 400 Bad Request ()

char[]
  MinimalApis
    e = 400 Bad Request ()
  Controllers
    e = 400 Bad Request ()

int
  MinimalApis
    r = 255
  Controllers
    r = 255

int[]
  MinimalApis
    r = [255]
  Controllers
    r = [255]

double
  MinimalApis
    r = 255
  Controllers
    r = 255

double[]
  MinimalApis
    r = [255]
  Controllers
    r = [255]

float
  MinimalApis
    r = 255
  Controllers
    r = 255

float[]
  MinimalApis
    r = [255]
  Controllers
    r = [255]

decimal
  MinimalApis
    r = 255
  Controllers
    r = 255

decimal[]
  MinimalApis
    r = [255]
  Controllers
    r = [255]

bool
  MinimalApis
    e = 400 Bad Request ()
  Controllers
    e = 400 Bad Request ()

bool[]
  MinimalApis
    e = 400 Bad Request ()
  Controllers
    e = 400 Bad Request ()

uint
  MinimalApis
    r = 255
  Controllers
    r = 255

uint[]
  MinimalApis
    r = [255]
  Controllers
    r = [255]

long
  MinimalApis
    r = 255
  Controllers
    r = 255

long[]
  MinimalApis
    r = [255]
  Controllers
    r = [255]

ulong
  MinimalApis
    r = 255
  Controllers
    r = 255

ulong[]
  MinimalApis
    r = [255]
  Controllers
    r = [255]

sbyte
  MinimalApis
    e = 400 Bad Request ()
  Controllers
    e = 400 Bad Request ()

sbyte[]
  MinimalApis
    e = 400 Bad Request ()
  Controllers
    e = 400 Bad Request ()

short
  MinimalApis
    r = 255
  Controllers
    r = 255

short[]
  MinimalApis
    r = [255]
  Controllers
    r = [255]

ushort
  MinimalApis
    r = 255
  Controllers
    r = 255

ushort[]
  MinimalApis
    r = [255]
  Controllers
    r = [255]

byte
  MinimalApis
    r = 255
  Controllers
    r = 255

byte[]
  MinimalApis
    r = "/w=="
  Controllers
    e = 400 Bad Request ()
