Input: a&q=b&q=c

Bindings:

string
  MinimalApis
    r = "a,b,c"
  Controllers
    r = "a"

string?
  MinimalApis
    r = "a,b,c"
  Controllers
    r = "a"

string[]
  MinimalApis
    r = ["a","b","c"]
  Controllers
    r = ["a","b","c"]

char
  MinimalApis
    e = 400 Bad Request ()
  Controllers
    r = "a"

char?
  MinimalApis
    e = 400 Bad Request ()
  Controllers
    r = "a"

char[]
  MinimalApis
    r = ["a","b","c"]
  Controllers
    r = ["a","b","c"]

int
  MinimalApis
    e = 400 Bad Request ()
  Controllers
    e = 400 Bad Request ()

int?
  MinimalApis
    e = 400 Bad Request ()
  Controllers
    e = 400 Bad Request ()

int[]
  MinimalApis
    e = 400 Bad Request ()
  Controllers
    e = 400 Bad Request ()

double
  MinimalApis
    e = 400 Bad Request ()
  Controllers
    e = 400 Bad Request ()

double?
  MinimalApis
    e = 400 Bad Request ()
  Controllers
    e = 400 Bad Request ()

double[]
  MinimalApis
    e = 400 Bad Request ()
  Controllers
    e = 400 Bad Request ()

float
  MinimalApis
    e = 400 Bad Request ()
  Controllers
    e = 400 Bad Request ()

float?
  MinimalApis
    e = 400 Bad Request ()
  Controllers
    e = 400 Bad Request ()

float[]
  MinimalApis
    e = 400 Bad Request ()
  Controllers
    e = 400 Bad Request ()

decimal
  MinimalApis
    e = 400 Bad Request ()
  Controllers
    e = 400 Bad Request ()

decimal?
  MinimalApis
    e = 400 Bad Request ()
  Controllers
    e = 400 Bad Request ()

decimal[]
  MinimalApis
    e = 400 Bad Request ()
  Controllers
    e = 400 Bad Request ()

bool
  MinimalApis
    e = 400 Bad Request ()
  Controllers
    e = 400 Bad Request ()

bool?
  MinimalApis
    e = 400 Bad Request ()
  Controllers
    e = 400 Bad Request ()

bool[]
  MinimalApis
    e = 400 Bad Request ()
  Controllers
    e = 400 Bad Request ()

uint
  MinimalApis
    e = 400 Bad Request ()
  Controllers
    e = 400 Bad Request ()

uint?
  MinimalApis
    e = 400 Bad Request ()
  Controllers
    e = 400 Bad Request ()

uint[]
  MinimalApis
    e = 400 Bad Request ()
  Controllers
    e = 400 Bad Request ()

long
  MinimalApis
    e = 400 Bad Request ()
  Controllers
    e = 400 Bad Request ()

long?
  MinimalApis
    e = 400 Bad Request ()
  Controllers
    e = 400 Bad Request ()

long[]
  MinimalApis
    e = 400 Bad Request ()
  Controllers
    e = 400 Bad Request ()

ulong
  MinimalApis
    e = 400 Bad Request ()
  Controllers
    e = 400 Bad Request ()

ulong?
  MinimalApis
    e = 400 Bad Request ()
  Controllers
    e = 400 Bad Request ()

ulong[]
  MinimalApis
    e = 400 Bad Request ()
  Controllers
    e = 400 Bad Request ()

sbyte
  MinimalApis
    e = 400 Bad Request ()
  Controllers
    e = 400 Bad Request ()

sbyte?
  MinimalApis
    e = 400 Bad Request ()
  Controllers
    e = 400 Bad Request ()

sbyte[]
  MinimalApis
    e = 400 Bad Request ()
  Controllers
    e = 400 Bad Request ()

short
  MinimalApis
    e = 400 Bad Request ()
  Controllers
    e = 400 Bad Request ()

short?
  MinimalApis
    e = 400 Bad Request ()
  Controllers
    e = 400 Bad Request ()

short[]
  MinimalApis
    e = 400 Bad Request ()
  Controllers
    e = 400 Bad Request ()

ushort
  MinimalApis
    e = 400 Bad Request ()
  Controllers
    e = 400 Bad Request ()

ushort?
  MinimalApis
    e = 400 Bad Request ()
  Controllers
    e = 400 Bad Request ()

ushort[]
  MinimalApis
    e = 400 Bad Request ()
  Controllers
    e = 400 Bad Request ()

byte
  MinimalApis
    e = 400 Bad Request ()
  Controllers
    e = 400 Bad Request ()

byte?
  MinimalApis
    e = 400 Bad Request ()
  Controllers
    e = 400 Bad Request ()

byte[]
  MinimalApis
    e = 400 Bad Request ()
  Controllers
    e = 400 Bad Request ()
