Input: -32768

Bindings:

string
  MinimalApis
    r = "-32768"
  Controllers
    r = "-32768"

string[]
  MinimalApis
    r = ["-32768"]
  Controllers
    r = ["-32768"]

char
  MinimalApis
    e = 400 Bad Request ()
  Controllers
    e = 400 Bad Request ()

char[]
  MinimalApis
    e = 400 Bad Request ()
  Controllers
    e = 400 Bad Request ()

int
  MinimalApis
    r = -32768
  Controllers
    r = -32768

int[]
  MinimalApis
    r = [-32768]
  Controllers
    r = [-32768]

double
  MinimalApis
    r = -32768
  Controllers
    r = -32768

double[]
  MinimalApis
    r = [-32768]
  Controllers
    r = [-32768]

float
  MinimalApis
    r = -32768
  Controllers
    r = -32768

float[]
  MinimalApis
    r = [-32768]
  Controllers
    r = [-32768]

decimal
  MinimalApis
    r = -32768
  Controllers
    r = -32768

decimal[]
  MinimalApis
    r = [-32768]
  Controllers
    r = [-32768]

bool
  MinimalApis
    e = 400 Bad Request ()
  Controllers
    e = 400 Bad Request ()

bool[]
  MinimalApis
    e = 400 Bad Request ()
  Controllers
    e = 400 Bad Request ()

uint
  MinimalApis
    e = 400 Bad Request ()
  Controllers
    e = 400 Bad Request ()

uint[]
  MinimalApis
    e = 400 Bad Request ()
  Controllers
    e = 400 Bad Request ()

long
  MinimalApis
    r = -32768
  Controllers
    r = -32768

long[]
  MinimalApis
    r = [-32768]
  Controllers
    r = [-32768]

ulong
  MinimalApis
    e = 400 Bad Request ()
  Controllers
    e = 400 Bad Request ()

ulong[]
  MinimalApis
    e = 400 Bad Request ()
  Controllers
    e = 400 Bad Request ()

sbyte
  MinimalApis
    e = 400 Bad Request ()
  Controllers
    e = 400 Bad Request ()

sbyte[]
  MinimalApis
    e = 400 Bad Request ()
  Controllers
    e = 400 Bad Request ()

short
  MinimalApis
    r = -32768
  Controllers
    r = -32768

short[]
  MinimalApis
    r = [-32768]
  Controllers
    r = [-32768]

ushort
  MinimalApis
    e = 400 Bad Request ()
  Controllers
    e = 400 Bad Request ()

ushort[]
  MinimalApis
    e = 400 Bad Request ()
  Controllers
    e = 400 Bad Request ()

byte
  MinimalApis
    e = 400 Bad Request ()
  Controllers
    e = 400 Bad Request ()

byte[]
  MinimalApis
    e = 400 Bad Request ()
  Controllers
    e = 400 Bad Request ()
