Input: yes

Bindings:

string
  MinimalApis
    r = "yes"

string[]
  MinimalApis
    r = ["yes"]

char
  MinimalApis
    e = 400 Bad Request (Failed to bind parameter "char q" from "yes".)

char[]
  MinimalApis
    e = 400 Bad Request (Failed to bind parameter "char[] q" from "yes".)

int
  MinimalApis
    e = 400 Bad Request (Failed to bind parameter "int q" from "yes".)

int[]
  MinimalApis
    e = 400 Bad Request (Failed to bind parameter "int[] q" from "yes".)

double
  MinimalApis
    e = 400 Bad Request (Failed to bind parameter "double q" from "yes".)

double[]
  MinimalApis
    e = 400 Bad Request (Failed to bind parameter "double[] q" from "yes".)

float
  MinimalApis
    e = 400 Bad Request (Failed to bind parameter "float q" from "yes".)

float[]
  MinimalApis
    e = 400 Bad Request (Failed to bind parameter "float[] q" from "yes".)

decimal
  MinimalApis
    e = 400 Bad Request (Failed to bind parameter "decimal q" from "yes".)

decimal[]
  MinimalApis
    e = 400 Bad Request (Failed to bind parameter "decimal[] q" from "yes".)

bool
  MinimalApis
    e = 400 Bad Request (Failed to bind parameter "bool q" from "yes".)

bool[]
  MinimalApis
    e = 400 Bad Request (Failed to bind parameter "bool[] q" from "yes".)

uint
  MinimalApis
    e = 400 Bad Request (Failed to bind parameter "uint q" from "yes".)

uint[]
  MinimalApis
    e = 400 Bad Request (Failed to bind parameter "uint[] q" from "yes".)

long
  MinimalApis
    e = 400 Bad Request (Failed to bind parameter "long q" from "yes".)

long[]
  MinimalApis
    e = 400 Bad Request (Failed to bind parameter "long[] q" from "yes".)

ulong
  MinimalApis
    e = 400 Bad Request (Failed to bind parameter "ulong q" from "yes".)

ulong[]
  MinimalApis
    e = 400 Bad Request (Failed to bind parameter "ulong[] q" from "yes".)

sbyte
  MinimalApis
    e = 400 Bad Request (Failed to bind parameter "sbyte q" from "yes".)

sbyte[]
  MinimalApis
    e = 400 Bad Request (Failed to bind parameter "sbyte[] q" from "yes".)

short
  MinimalApis
    e = 400 Bad Request (Failed to bind parameter "short q" from "yes".)

short[]
  MinimalApis
    e = 400 Bad Request (Failed to bind parameter "short[] q" from "yes".)

ushort
  MinimalApis
    e = 400 Bad Request (Failed to bind parameter "ushort q" from "yes".)

ushort[]
  MinimalApis
    e = 400 Bad Request (Failed to bind parameter "ushort[] q" from "yes".)

byte
  MinimalApis
    e = 400 Bad Request (Failed to bind parameter "byte q" from "yes".)

byte[]
  MinimalApis
    e = 400 Bad Request (Failed to bind parameter "byte[] q" from "yes".)
