Input: -1&q=0&q=1

Bindings:

string
  MinimalApis
    r = "-1,0,1"

string[]
  MinimalApis
    r = ["-1","0","1"]

char
  MinimalApis
    e = 400 Bad Request (Failed to bind parameter "char q" from "-1,0,1".)

char[]
  MinimalApis
    e = 400 Bad Request (Failed to bind parameter "char[] q" from "-1".)

int
  MinimalApis
    e = 400 Bad Request (Failed to bind parameter "int q" from "-1,0,1".)

int[]
  MinimalApis
    r = [-1,0,1]

double
  MinimalApis
    r = -101

double[]
  MinimalApis
    r = [-1,0,1]

float
  MinimalApis
    r = -101

float[]
  MinimalApis
    r = [-1,0,1]

decimal
  MinimalApis
    r = -101

decimal[]
  MinimalApis
    r = [-1,0,1]

bool
  MinimalApis
    e = 400 Bad Request (Failed to bind parameter "bool q" from "-1,0,1".)

bool[]
  MinimalApis
    e = 400 Bad Request (Failed to bind parameter "bool[] q" from "-1".)

uint
  MinimalApis
    e = 400 Bad Request (Failed to bind parameter "uint q" from "-1,0,1".)

uint[]
  MinimalApis
    e = 400 Bad Request (Failed to bind parameter "uint[] q" from "-1".)

long
  MinimalApis
    e = 400 Bad Request (Failed to bind parameter "long q" from "-1,0,1".)

long[]
  MinimalApis
    r = [-1,0,1]

ulong
  MinimalApis
    e = 400 Bad Request (Failed to bind parameter "ulong q" from "-1,0,1".)

ulong[]
  MinimalApis
    e = 400 Bad Request (Failed to bind parameter "ulong[] q" from "-1".)

sbyte
  MinimalApis
    e = 400 Bad Request (Failed to bind parameter "sbyte q" from "-1,0,1".)

sbyte[]
  MinimalApis
    r = [-1,0,1]

short
  MinimalApis
    e = 400 Bad Request (Failed to bind parameter "short q" from "-1,0,1".)

short[]
  MinimalApis
    r = [-1,0,1]

ushort
  MinimalApis
    e = 400 Bad Request (Failed to bind parameter "ushort q" from "-1,0,1".)

ushort[]
  MinimalApis
    e = 400 Bad Request (Failed to bind parameter "ushort[] q" from "-1".)

byte
  MinimalApis
    e = 400 Bad Request (Failed to bind parameter "byte q" from "-1,0,1".)

byte[]
  MinimalApis
    e = 400 Bad Request (Failed to bind parameter "byte[] q" from "-1".)
