Input: 2147483647

Bindings:

string
  MinimalApis
    r = "2147483647"
  Controllers
    r = "2147483647"

string[]
  MinimalApis
    r = ["2147483647"]
  Controllers
    r = ["2147483647"]

char
  MinimalApis
    e = 400 Bad Request ()
  Controllers
    e = 400 Bad Request ()

char[]
  MinimalApis
    e = 400 Bad Request ()
  Controllers
    e = 400 Bad Request ()

int
  MinimalApis
    r = 2147483647
  Controllers
    r = 2147483647

int[]
  MinimalApis
    r = [2147483647]
  Controllers
    r = [2147483647]

double
  MinimalApis
    r = 2147483647
  Controllers
    r = 2147483647

double[]
  MinimalApis
    r = [2147483647]
  Controllers
    r = [2147483647]

float
  MinimalApis
    r = 2.1474836E+09
  Controllers
    r = 2.1474836E+09

float[]
  MinimalApis
    r = [2.1474836E+09]
  Controllers
    r = [2.1474836E+09]

decimal
  MinimalApis
    r = 2147483647
  Controllers
    r = 2147483647

decimal[]
  MinimalApis
    r = [2147483647]
  Controllers
    r = [2147483647]

bool
  MinimalApis
    e = 400 Bad Request ()
  Controllers
    e = 400 Bad Request ()

bool[]
  MinimalApis
    e = 400 Bad Request ()
  Controllers
    e = 400 Bad Request ()

uint
  MinimalApis
    r = 2147483647
  Controllers
    r = 2147483647

uint[]
  MinimalApis
    r = [2147483647]
  Controllers
    r = [2147483647]

long
  MinimalApis
    r = 2147483647
  Controllers
    r = 2147483647

long[]
  MinimalApis
    r = [2147483647]
  Controllers
    r = [2147483647]

ulong
  MinimalApis
    r = 2147483647
  Controllers
    r = 2147483647

ulong[]
  MinimalApis
    r = [2147483647]
  Controllers
    r = [2147483647]

sbyte
  MinimalApis
    e = 400 Bad Request ()
  Controllers
    e = 400 Bad Request ()

sbyte[]
  MinimalApis
    e = 400 Bad Request ()
  Controllers
    e = 400 Bad Request ()

short
  MinimalApis
    e = 400 Bad Request ()
  Controllers
    e = 400 Bad Request ()

short[]
  MinimalApis
    e = 400 Bad Request ()
  Controllers
    e = 400 Bad Request ()

ushort
  MinimalApis
    e = 400 Bad Request ()
  Controllers
    e = 400 Bad Request ()

ushort[]
  MinimalApis
    e = 400 Bad Request ()
  Controllers
    e = 400 Bad Request ()

byte
  MinimalApis
    e = 400 Bad Request ()
  Controllers
    e = 400 Bad Request ()

byte[]
  MinimalApis
    e = 400 Bad Request ()
  Controllers
    e = 400 Bad Request ()
