Input: 255

Bindings:

string
  MinimalApis
    r = "255"

string[]
  MinimalApis
    r = ["255"]

char
  MinimalApis
    e = 400 Bad Request (Failed to bind parameter "char q" from "255".)

char[]
  MinimalApis
    e = 400 Bad Request (Failed to bind parameter "char[] q" from "255".)

int
  MinimalApis
    r = 255

int[]
  MinimalApis
    r = [255]

double
  MinimalApis
    r = 255

double[]
  MinimalApis
    r = [255]

float
  MinimalApis
    r = 255

float[]
  MinimalApis
    r = [255]

decimal
  MinimalApis
    r = 255

decimal[]
  MinimalApis
    r = [255]

bool
  MinimalApis
    e = 400 Bad Request (Failed to bind parameter "bool q" from "255".)

bool[]
  MinimalApis
    e = 400 Bad Request (Failed to bind parameter "bool[] q" from "255".)

uint
  MinimalApis
    r = 255

uint[]
  MinimalApis
    r = [255]

long
  MinimalApis
    r = 255

long[]
  MinimalApis
    r = [255]

ulong
  MinimalApis
    r = 255

ulong[]
  MinimalApis
    r = [255]

sbyte
  MinimalApis
    e = 400 Bad Request (Failed to bind parameter "sbyte q" from "255".)

sbyte[]
  MinimalApis
    e = 400 Bad Request (Failed to bind parameter "sbyte[] q" from "255".)

short
  MinimalApis
    r = 255

short[]
  MinimalApis
    r = [255]

ushort
  MinimalApis
    r = 255

ushort[]
  MinimalApis
    r = [255]

byte
  MinimalApis
    r = 255

byte[]
  MinimalApis
    r = "/w=="
