Input: q=65535

Bindings:

string
  MinimalApis
    r = "65535"
  Controllers
    r = "65535"

string?
  MinimalApis
    r = "65535"
  Controllers
    r = "65535"

string[]
  MinimalApis
    r = ["65535"]
  Controllers
    r = ["65535"]

char
  MinimalApis
    e = 400 Bad Request (Failed to bind parameter "char q" from "65535".)
  Controllers
    e = 400 Bad Request (The value '65535' is not valid.)

char?
  MinimalApis
    e = 400 Bad Request (Failed to bind parameter "Nullable<char> q" from "65535".)
  Controllers
    e = 400 Bad Request (The value '65535' is not valid.)

char[]
  MinimalApis
    e = 400 Bad Request (Failed to bind parameter "char[] q" from "65535".)
  Controllers
    e = 400 Bad Request (The value '65535' is not valid.)

int
  MinimalApis
    r = 65535
  Controllers
    r = 65535

int?
  MinimalApis
    r = 65535
  Controllers
    r = 65535

int[]
  MinimalApis
    r = [65535]
  Controllers
    r = [65535]

double
  MinimalApis
    r = 65535
  Controllers
    r = 65535

double?
  MinimalApis
    r = 65535
  Controllers
    r = 65535

double[]
  MinimalApis
    r = [65535]
  Controllers
    r = [65535]

float
  MinimalApis
    r = 65535
  Controllers
    r = 65535

float?
  MinimalApis
    r = 65535
  Controllers
    r = 65535

float[]
  MinimalApis
    r = [65535]
  Controllers
    r = [65535]

decimal
  MinimalApis
    r = 65535
  Controllers
    r = 65535

decimal?
  MinimalApis
    r = 65535
  Controllers
    r = 65535

decimal[]
  MinimalApis
    r = [65535]
  Controllers
    r = [65535]

bool
  MinimalApis
    e = 400 Bad Request (Failed to bind parameter "bool q" from "65535".)
  Controllers
    e = 400 Bad Request (The value '65535' is not valid.)

bool?
  MinimalApis
    e = 400 Bad Request (Failed to bind parameter "Nullable<bool> q" from "65535".)
  Controllers
    e = 400 Bad Request (The value '65535' is not valid.)

bool[]
  MinimalApis
    e = 400 Bad Request (Failed to bind parameter "bool[] q" from "65535".)
  Controllers
    e = 400 Bad Request (The value '65535' is not valid.)

uint
  MinimalApis
    r = 65535
  Controllers
    r = 65535

uint?
  MinimalApis
    r = 65535
  Controllers
    r = 65535

uint[]
  MinimalApis
    r = [65535]
  Controllers
    r = [65535]

long
  MinimalApis
    r = 65535
  Controllers
    r = 65535

long?
  MinimalApis
    r = 65535
  Controllers
    r = 65535

long[]
  MinimalApis
    r = [65535]
  Controllers
    r = [65535]

ulong
  MinimalApis
    r = 65535
  Controllers
    r = 65535

ulong?
  MinimalApis
    r = 65535
  Controllers
    r = 65535

ulong[]
  MinimalApis
    r = [65535]
  Controllers
    r = [65535]

sbyte
  MinimalApis
    e = 400 Bad Request (Failed to bind parameter "sbyte q" from "65535".)
  Controllers
    e = 400 Bad Request (The value '65535' is not valid.)

sbyte?
  MinimalApis
    e = 400 Bad Request (Failed to bind parameter "Nullable<sbyte> q" from "65535".)
  Controllers
    e = 400 Bad Request (The value '65535' is not valid.)

sbyte[]
  MinimalApis
    e = 400 Bad Request (Failed to bind parameter "sbyte[] q" from "65535".)
  Controllers
    e = 400 Bad Request (The value '65535' is not valid.)

short
  MinimalApis
    e = 400 Bad Request (Failed to bind parameter "short q" from "65535".)
  Controllers
    e = 400 Bad Request (The value '65535' is not valid.)

short?
  MinimalApis
    e = 400 Bad Request (Failed to bind parameter "Nullable<short> q" from "65535".)
  Controllers
    e = 400 Bad Request (The value '65535' is not valid.)

short[]
  MinimalApis
    e = 400 Bad Request (Failed to bind parameter "short[] q" from "65535".)
  Controllers
    e = 400 Bad Request (The value '65535' is not valid.)

ushort
  MinimalApis
    r = 65535
  Controllers
    r = 65535

ushort?
  MinimalApis
    r = 65535
  Controllers
    r = 65535

ushort[]
  MinimalApis
    r = [65535]
  Controllers
    r = [65535]

byte
  MinimalApis
    e = 400 Bad Request (Failed to bind parameter "byte q" from "65535".)
  Controllers
    e = 400 Bad Request (The value '65535' is not valid.)

byte?
  MinimalApis
    e = 400 Bad Request (Failed to bind parameter "Nullable<byte> q" from "65535".)
  Controllers
    e = 400 Bad Request (The value '65535' is not valid.)

byte[]
  MinimalApis
    e = 400 Bad Request (Failed to bind parameter "byte[] q" from "65535".)
  Controllers
    e = 400 Bad Request (The value '65535' is not valid.)
