Input: -32768

Bindings:

string
  MinimalApis
    r = "-32768"
  Controllers
    r = "-32768"

string?
  MinimalApis
    r = "-32768"
  Controllers
    r = "-32768"

string[]
  MinimalApis
    r = ["-32768"]
  Controllers
    r = ["-32768"]

char
  MinimalApis
    e = 400 Bad Request (Failed to bind parameter "char q" from "-32768".)
  Controllers
    e = 400 Bad Request (The value '-32768' is not valid.)

char?
  MinimalApis
    e = 400 Bad Request (Failed to bind parameter "Nullable<char> q" from "-32768".)
  Controllers
    e = 400 Bad Request (The value '-32768' is not valid.)

char[]
  MinimalApis
    e = 400 Bad Request (Failed to bind parameter "char[] q" from "-32768".)
  Controllers
    e = 400 Bad Request (The value '-32768' is not valid.)

int
  MinimalApis
    r = -32768
  Controllers
    r = -32768

int?
  MinimalApis
    r = -32768
  Controllers
    r = -32768

int[]
  MinimalApis
    r = [-32768]
  Controllers
    r = [-32768]

double
  MinimalApis
    r = -32768
  Controllers
    r = -32768

double?
  MinimalApis
    r = -32768
  Controllers
    r = -32768

double[]
  MinimalApis
    r = [-32768]
  Controllers
    r = [-32768]

float
  MinimalApis
    r = -32768
  Controllers
    r = -32768

float?
  MinimalApis
    r = -32768
  Controllers
    r = -32768

float[]
  MinimalApis
    r = [-32768]
  Controllers
    r = [-32768]

decimal
  MinimalApis
    r = -32768
  Controllers
    r = -32768

decimal?
  MinimalApis
    r = -32768
  Controllers
    r = -32768

decimal[]
  MinimalApis
    r = [-32768]
  Controllers
    r = [-32768]

bool
  MinimalApis
    e = 400 Bad Request (Failed to bind parameter "bool q" from "-32768".)
  Controllers
    e = 400 Bad Request (The value '-32768' is not valid.)

bool?
  MinimalApis
    e = 400 Bad Request (Failed to bind parameter "Nullable<bool> q" from "-32768".)
  Controllers
    e = 400 Bad Request (The value '-32768' is not valid.)

bool[]
  MinimalApis
    e = 400 Bad Request (Failed to bind parameter "bool[] q" from "-32768".)
  Controllers
    e = 400 Bad Request (The value '-32768' is not valid.)

uint
  MinimalApis
    e = 400 Bad Request (Failed to bind parameter "uint q" from "-32768".)
  Controllers
    e = 400 Bad Request (The value '-32768' is not valid.)

uint?
  MinimalApis
    e = 400 Bad Request (Failed to bind parameter "Nullable<uint> q" from "-32768".)
  Controllers
    e = 400 Bad Request (The value '-32768' is not valid.)

uint[]
  MinimalApis
    e = 400 Bad Request (Failed to bind parameter "uint[] q" from "-32768".)
  Controllers
    e = 400 Bad Request (The value '-32768' is not valid.)

long
  MinimalApis
    r = -32768
  Controllers
    r = -32768

long?
  MinimalApis
    r = -32768
  Controllers
    r = -32768

long[]
  MinimalApis
    r = [-32768]
  Controllers
    r = [-32768]

ulong
  MinimalApis
    e = 400 Bad Request (Failed to bind parameter "ulong q" from "-32768".)
  Controllers
    e = 400 Bad Request (The value '-32768' is not valid.)

ulong?
  MinimalApis
    e = 400 Bad Request (Failed to bind parameter "Nullable<ulong> q" from "-32768".)
  Controllers
    e = 400 Bad Request (The value '-32768' is not valid.)

ulong[]
  MinimalApis
    e = 400 Bad Request (Failed to bind parameter "ulong[] q" from "-32768".)
  Controllers
    e = 400 Bad Request (The value '-32768' is not valid.)

sbyte
  MinimalApis
    e = 400 Bad Request (Failed to bind parameter "sbyte q" from "-32768".)
  Controllers
    e = 400 Bad Request (The value '-32768' is not valid.)

sbyte?
  MinimalApis
    e = 400 Bad Request (Failed to bind parameter "Nullable<sbyte> q" from "-32768".)
  Controllers
    e = 400 Bad Request (The value '-32768' is not valid.)

sbyte[]
  MinimalApis
    e = 400 Bad Request (Failed to bind parameter "sbyte[] q" from "-32768".)
  Controllers
    e = 400 Bad Request (The value '-32768' is not valid.)

short
  MinimalApis
    r = -32768
  Controllers
    r = -32768

short?
  MinimalApis
    r = -32768
  Controllers
    r = -32768

short[]
  MinimalApis
    r = [-32768]
  Controllers
    r = [-32768]

ushort
  MinimalApis
    e = 400 Bad Request (Failed to bind parameter "ushort q" from "-32768".)
  Controllers
    e = 400 Bad Request (The value '-32768' is not valid.)

ushort?
  MinimalApis
    e = 400 Bad Request (Failed to bind parameter "Nullable<ushort> q" from "-32768".)
  Controllers
    e = 400 Bad Request (The value '-32768' is not valid.)

ushort[]
  MinimalApis
    e = 400 Bad Request (Failed to bind parameter "ushort[] q" from "-32768".)
  Controllers
    e = 400 Bad Request (The value '-32768' is not valid.)

byte
  MinimalApis
    e = 400 Bad Request (Failed to bind parameter "byte q" from "-32768".)
  Controllers
    e = 400 Bad Request (The value '-32768' is not valid.)

byte?
  MinimalApis
    e = 400 Bad Request (Failed to bind parameter "Nullable<byte> q" from "-32768".)
  Controllers
    e = 400 Bad Request (The value '-32768' is not valid.)

byte[]
  MinimalApis
    e = 400 Bad Request (Failed to bind parameter "byte[] q" from "-32768".)
  Controllers
    e = 400 Bad Request (The value '-32768' is not valid.)
