Input: -128

Bindings:

string
  MinimalApis
    r = "-128"

string[]
  MinimalApis
    r = ["-128"]

char
  MinimalApis
    e = 400 Bad Request (Failed to bind parameter "char q" from "-128".)

char[]
  MinimalApis
    e = 400 Bad Request (Failed to bind parameter "char[] q" from "-128".)

int
  MinimalApis
    r = -128

int[]
  MinimalApis
    r = [-128]

double
  MinimalApis
    r = -128

double[]
  MinimalApis
    r = [-128]

float
  MinimalApis
    r = -128

float[]
  MinimalApis
    r = [-128]

decimal
  MinimalApis
    r = -128

decimal[]
  MinimalApis
    r = [-128]

bool
  MinimalApis
    e = 400 Bad Request (Failed to bind parameter "bool q" from "-128".)

bool[]
  MinimalApis
    e = 400 Bad Request (Failed to bind parameter "bool[] q" from "-128".)

uint
  MinimalApis
    e = 400 Bad Request (Failed to bind parameter "uint q" from "-128".)

uint[]
  MinimalApis
    e = 400 Bad Request (Failed to bind parameter "uint[] q" from "-128".)

long
  MinimalApis
    r = -128

long[]
  MinimalApis
    r = [-128]

ulong
  MinimalApis
    e = 400 Bad Request (Failed to bind parameter "ulong q" from "-128".)

ulong[]
  MinimalApis
    e = 400 Bad Request (Failed to bind parameter "ulong[] q" from "-128".)

sbyte
  MinimalApis
    r = -128

sbyte[]
  MinimalApis
    r = [-128]

short
  MinimalApis
    r = -128

short[]
  MinimalApis
    r = [-128]

ushort
  MinimalApis
    e = 400 Bad Request (Failed to bind parameter "ushort q" from "-128".)

ushort[]
  MinimalApis
    e = 400 Bad Request (Failed to bind parameter "ushort[] q" from "-128".)

byte
  MinimalApis
    e = 400 Bad Request (Failed to bind parameter "byte q" from "-128".)

byte[]
  MinimalApis
    e = 400 Bad Request (Failed to bind parameter "byte[] q" from "-128".)
