Input: null

Bindings:

string
  MinimalApis
    r = "null"

string[]
  MinimalApis
    r = ["null"]

char
  MinimalApis
    e = 400 Bad Request (Failed to bind parameter "char q" from "null".)

char[]
  MinimalApis
    e = 400 Bad Request (Failed to bind parameter "char[] q" from "null".)

int
  MinimalApis
    e = 400 Bad Request (Failed to bind parameter "int q" from "null".)

int[]
  MinimalApis
    e = 400 Bad Request (Failed to bind parameter "int[] q" from "null".)

double
  MinimalApis
    e = 400 Bad Request (Failed to bind parameter "double q" from "null".)

double[]
  MinimalApis
    e = 400 Bad Request (Failed to bind parameter "double[] q" from "null".)

float
  MinimalApis
    e = 400 Bad Request (Failed to bind parameter "float q" from "null".)

float[]
  MinimalApis
    e = 400 Bad Request (Failed to bind parameter "float[] q" from "null".)

decimal
  MinimalApis
    e = 400 Bad Request (Failed to bind parameter "decimal q" from "null".)

decimal[]
  MinimalApis
    e = 400 Bad Request (Failed to bind parameter "decimal[] q" from "null".)

bool
  MinimalApis
    e = 400 Bad Request (Failed to bind parameter "bool q" from "null".)

bool[]
  MinimalApis
    e = 400 Bad Request (Failed to bind parameter "bool[] q" from "null".)

uint
  MinimalApis
    e = 400 Bad Request (Failed to bind parameter "uint q" from "null".)

uint[]
  MinimalApis
    e = 400 Bad Request (Failed to bind parameter "uint[] q" from "null".)

long
  MinimalApis
    e = 400 Bad Request (Failed to bind parameter "long q" from "null".)

long[]
  MinimalApis
    e = 400 Bad Request (Failed to bind parameter "long[] q" from "null".)

ulong
  MinimalApis
    e = 400 Bad Request (Failed to bind parameter "ulong q" from "null".)

ulong[]
  MinimalApis
    e = 400 Bad Request (Failed to bind parameter "ulong[] q" from "null".)

sbyte
  MinimalApis
    e = 400 Bad Request (Failed to bind parameter "sbyte q" from "null".)

sbyte[]
  MinimalApis
    e = 400 Bad Request (Failed to bind parameter "sbyte[] q" from "null".)

short
  MinimalApis
    e = 400 Bad Request (Failed to bind parameter "short q" from "null".)

short[]
  MinimalApis
    e = 400 Bad Request (Failed to bind parameter "short[] q" from "null".)

ushort
  MinimalApis
    e = 400 Bad Request (Failed to bind parameter "ushort q" from "null".)

ushort[]
  MinimalApis
    e = 400 Bad Request (Failed to bind parameter "ushort[] q" from "null".)

byte
  MinimalApis
    e = 400 Bad Request (Failed to bind parameter "byte q" from "null".)

byte[]
  MinimalApis
    e = 400 Bad Request (Failed to bind parameter "byte[] q" from "null".)
