Input: foo

Bindings:

string
  MinimalApis
    r = "foo"

string[]
  MinimalApis
    r = ["foo"]

char
  MinimalApis
    e = 400 Bad Request (Failed to bind parameter "char q" from "foo".)

char[]
  MinimalApis
    e = 400 Bad Request (Failed to bind parameter "char[] q" from "foo".)

int
  MinimalApis
    e = 400 Bad Request (Failed to bind parameter "int q" from "foo".)

int[]
  MinimalApis
    e = 400 Bad Request (Failed to bind parameter "int[] q" from "foo".)

double
  MinimalApis
    e = 400 Bad Request (Failed to bind parameter "double q" from "foo".)

double[]
  MinimalApis
    e = 400 Bad Request (Failed to bind parameter "double[] q" from "foo".)

float
  MinimalApis
    e = 400 Bad Request (Failed to bind parameter "float q" from "foo".)

float[]
  MinimalApis
    e = 400 Bad Request (Failed to bind parameter "float[] q" from "foo".)

decimal
  MinimalApis
    e = 400 Bad Request (Failed to bind parameter "decimal q" from "foo".)

decimal[]
  MinimalApis
    e = 400 Bad Request (Failed to bind parameter "decimal[] q" from "foo".)

bool
  MinimalApis
    e = 400 Bad Request (Failed to bind parameter "bool q" from "foo".)

bool[]
  MinimalApis
    e = 400 Bad Request (Failed to bind parameter "bool[] q" from "foo".)

uint
  MinimalApis
    e = 400 Bad Request (Failed to bind parameter "uint q" from "foo".)

uint[]
  MinimalApis
    e = 400 Bad Request (Failed to bind parameter "uint[] q" from "foo".)

long
  MinimalApis
    e = 400 Bad Request (Failed to bind parameter "long q" from "foo".)

long[]
  MinimalApis
    e = 400 Bad Request (Failed to bind parameter "long[] q" from "foo".)

ulong
  MinimalApis
    e = 400 Bad Request (Failed to bind parameter "ulong q" from "foo".)

ulong[]
  MinimalApis
    e = 400 Bad Request (Failed to bind parameter "ulong[] q" from "foo".)

sbyte
  MinimalApis
    e = 400 Bad Request (Failed to bind parameter "sbyte q" from "foo".)

sbyte[]
  MinimalApis
    e = 400 Bad Request (Failed to bind parameter "sbyte[] q" from "foo".)

short
  MinimalApis
    e = 400 Bad Request (Failed to bind parameter "short q" from "foo".)

short[]
  MinimalApis
    e = 400 Bad Request (Failed to bind parameter "short[] q" from "foo".)

ushort
  MinimalApis
    e = 400 Bad Request (Failed to bind parameter "ushort q" from "foo".)

ushort[]
  MinimalApis
    e = 400 Bad Request (Failed to bind parameter "ushort[] q" from "foo".)

byte
  MinimalApis
    e = 400 Bad Request (Failed to bind parameter "byte q" from "foo".)

byte[]
  MinimalApis
    e = 400 Bad Request (Failed to bind parameter "byte[] q" from "foo".)
