Input: false

Bindings:

string
  MinimalApis
    r = "false"

string[]
  MinimalApis
    r = ["false"]

char
  MinimalApis
    e = 400 Bad Request (Failed to bind parameter "char q" from "false".)

char[]
  MinimalApis
    e = 400 Bad Request (Failed to bind parameter "char[] q" from "false".)

int
  MinimalApis
    e = 400 Bad Request (Failed to bind parameter "int q" from "false".)

int[]
  MinimalApis
    e = 400 Bad Request (Failed to bind parameter "int[] q" from "false".)

double
  MinimalApis
    e = 400 Bad Request (Failed to bind parameter "double q" from "false".)

double[]
  MinimalApis
    e = 400 Bad Request (Failed to bind parameter "double[] q" from "false".)

float
  MinimalApis
    e = 400 Bad Request (Failed to bind parameter "float q" from "false".)

float[]
  MinimalApis
    e = 400 Bad Request (Failed to bind parameter "float[] q" from "false".)

decimal
  MinimalApis
    e = 400 Bad Request (Failed to bind parameter "decimal q" from "false".)

decimal[]
  MinimalApis
    e = 400 Bad Request (Failed to bind parameter "decimal[] q" from "false".)

bool
  MinimalApis
    r = false

bool[]
  MinimalApis
    r = [false]

uint
  MinimalApis
    e = 400 Bad Request (Failed to bind parameter "uint q" from "false".)

uint[]
  MinimalApis
    e = 400 Bad Request (Failed to bind parameter "uint[] q" from "false".)

long
  MinimalApis
    e = 400 Bad Request (Failed to bind parameter "long q" from "false".)

long[]
  MinimalApis
    e = 400 Bad Request (Failed to bind parameter "long[] q" from "false".)

ulong
  MinimalApis
    e = 400 Bad Request (Failed to bind parameter "ulong q" from "false".)

ulong[]
  MinimalApis
    e = 400 Bad Request (Failed to bind parameter "ulong[] q" from "false".)

sbyte
  MinimalApis
    e = 400 Bad Request (Failed to bind parameter "sbyte q" from "false".)

sbyte[]
  MinimalApis
    e = 400 Bad Request (Failed to bind parameter "sbyte[] q" from "false".)

short
  MinimalApis
    e = 400 Bad Request (Failed to bind parameter "short q" from "false".)

short[]
  MinimalApis
    e = 400 Bad Request (Failed to bind parameter "short[] q" from "false".)

ushort
  MinimalApis
    e = 400 Bad Request (Failed to bind parameter "ushort q" from "false".)

ushort[]
  MinimalApis
    e = 400 Bad Request (Failed to bind parameter "ushort[] q" from "false".)

byte
  MinimalApis
    e = 400 Bad Request (Failed to bind parameter "byte q" from "false".)

byte[]
  MinimalApis
    e = 400 Bad Request (Failed to bind parameter "byte[] q" from "false".)
