Input: 1&q=2&q=3

Bindings:

string
  MinimalApis
    r = "1,2,3"
  Controllers
    r = "1"

string[]
  MinimalApis
    r = ["1","2","3"]
  Controllers
    r = ["1","2","3"]

char
  MinimalApis
    e = 400 Bad Request ()
  Controllers
    r = "1"

char[]
  MinimalApis
    r = ["1","2","3"]
  Controllers
    r = ["1","2","3"]

int
  MinimalApis
    e = 400 Bad Request ()
  Controllers
    r = 1

int[]
  MinimalApis
    r = [1,2,3]
  Controllers
    r = [1,2,3]

double
  MinimalApis
    r = 123
  Controllers
    r = 1

double[]
  MinimalApis
    r = [1,2,3]
  Controllers
    r = [1,2,3]

float
  MinimalApis
    r = 123
  Controllers
    r = 1

float[]
  MinimalApis
    r = [1,2,3]
  Controllers
    r = [1,2,3]

decimal
  MinimalApis
    r = 123
  Controllers
    r = 1

decimal[]
  MinimalApis
    r = [1,2,3]
  Controllers
    r = [1,2,3]

bool
  MinimalApis
    e = 400 Bad Request ()
  Controllers
    e = 400 Bad Request ()

bool[]
  MinimalApis
    e = 400 Bad Request ()
  Controllers
    e = 400 Bad Request ()

uint
  MinimalApis
    e = 400 Bad Request ()
  Controllers
    r = 1

uint[]
  MinimalApis
    r = [1,2,3]
  Controllers
    r = [1,2,3]

long
  MinimalApis
    e = 400 Bad Request ()
  Controllers
    r = 1

long[]
  MinimalApis
    r = [1,2,3]
  Controllers
    r = [1,2,3]

ulong
  MinimalApis
    e = 400 Bad Request ()
  Controllers
    r = 1

ulong[]
  MinimalApis
    r = [1,2,3]
  Controllers
    r = [1,2,3]

sbyte
  MinimalApis
    e = 400 Bad Request ()
  Controllers
    r = 1

sbyte[]
  MinimalApis
    r = [1,2,3]
  Controllers
    r = [1,2,3]

short
  MinimalApis
    e = 400 Bad Request ()
  Controllers
    r = 1

short[]
  MinimalApis
    r = [1,2,3]
  Controllers
    r = [1,2,3]

ushort
  MinimalApis
    e = 400 Bad Request ()
  Controllers
    r = 1

ushort[]
  MinimalApis
    r = [1,2,3]
  Controllers
    r = [1,2,3]

byte
  MinimalApis
    e = 400 Bad Request ()
  Controllers
    r = 1

byte[]
  MinimalApis
    r = "AQID"
  Controllers
    e = 400 Bad Request ()
