Input: -9223372036854775808

Bindings:

string
  MinimalApis
    r = "-9223372036854775808"

string[]
  MinimalApis
    r = ["-9223372036854775808"]

char
  MinimalApis
    e = 400 Bad Request (Failed to bind parameter "char q" from "-9223372036854775808".)

char[]
  MinimalApis
    e = 400 Bad Request (Failed to bind parameter "char[] q" from "-9223372036854775808".)

int
  MinimalApis
    e = 400 Bad Request (Failed to bind parameter "int q" from "-9223372036854775808".)

int[]
  MinimalApis
    e = 400 Bad Request (Failed to bind parameter "int[] q" from "-9223372036854775808".)

double
  MinimalApis
    r = -9.223372036854776E+18

double[]
  MinimalApis
    r = [-9.223372036854776E+18]

float
  MinimalApis
    r = -9.223372E+18

float[]
  MinimalApis
    r = [-9.223372E+18]

decimal
  MinimalApis
    r = -9223372036854775808

decimal[]
  MinimalApis
    r = [-9223372036854775808]

bool
  MinimalApis
    e = 400 Bad Request (Failed to bind parameter "bool q" from "-9223372036854775808".)

bool[]
  MinimalApis
    e = 400 Bad Request (Failed to bind parameter "bool[] q" from "-9223372036854775808".)

uint
  MinimalApis
    e = 400 Bad Request (Failed to bind parameter "uint q" from "-9223372036854775808".)

uint[]
  MinimalApis
    e = 400 Bad Request (Failed to bind parameter "uint[] q" from "-9223372036854775808".)

long
  MinimalApis
    r = -9223372036854775808

long[]
  MinimalApis
    r = [-9223372036854775808]

ulong
  MinimalApis
    e = 400 Bad Request (Failed to bind parameter "ulong q" from "-9223372036854775808".)

ulong[]
  MinimalApis
    e = 400 Bad Request (Failed to bind parameter "ulong[] q" from "-9223372036854775808".)

sbyte
  MinimalApis
    e = 400 Bad Request (Failed to bind parameter "sbyte q" from "-9223372036854775808".)

sbyte[]
  MinimalApis
    e = 400 Bad Request (Failed to bind parameter "sbyte[] q" from "-9223372036854775808".)

short
  MinimalApis
    e = 400 Bad Request (Failed to bind parameter "short q" from "-9223372036854775808".)

short[]
  MinimalApis
    e = 400 Bad Request (Failed to bind parameter "short[] q" from "-9223372036854775808".)

ushort
  MinimalApis
    e = 400 Bad Request (Failed to bind parameter "ushort q" from "-9223372036854775808".)

ushort[]
  MinimalApis
    e = 400 Bad Request (Failed to bind parameter "ushort[] q" from "-9223372036854775808".)

byte
  MinimalApis
    e = 400 Bad Request (Failed to bind parameter "byte q" from "-9223372036854775808".)

byte[]
  MinimalApis
    e = 400 Bad Request (Failed to bind parameter "byte[] q" from "-9223372036854775808".)
