Input: 1&q=2&q=.3

Bindings:

string
  MinimalApis
    r = "1,2,.3"
  Controllers
    r = "1"

string[]
  MinimalApis
    r = ["1","2",".3"]
  Controllers
    r = ["1","2",".3"]

char
  MinimalApis
    e = 400 Bad Request ()
  Controllers
    r = "1"

char[]
  MinimalApis
    e = 400 Bad Request ()
  Controllers
    e = 400 Bad Request ()

int
  MinimalApis
    e = 400 Bad Request ()
  Controllers
    r = 1

int[]
  MinimalApis
    e = 400 Bad Request ()
  Controllers
    e = 400 Bad Request ()

double
  MinimalApis
    r = 12.3
  Controllers
    r = 1

double[]
  MinimalApis
    r = [1,2,0.3]
  Controllers
    r = [1,2,0.3]

float
  MinimalApis
    r = 12.3
  Controllers
    r = 1

float[]
  MinimalApis
    r = [1,2,0.3]
  Controllers
    r = [1,2,0.3]

decimal
  MinimalApis
    r = 12.3
  Controllers
    r = 1

decimal[]
  MinimalApis
    r = [1,2,0.3]
  Controllers
    r = [1,2,0.3]

bool
  MinimalApis
    e = 400 Bad Request ()
  Controllers
    e = 400 Bad Request ()

bool[]
  MinimalApis
    e = 400 Bad Request ()
  Controllers
    e = 400 Bad Request ()

uint
  MinimalApis
    e = 400 Bad Request ()
  Controllers
    r = 1

uint[]
  MinimalApis
    e = 400 Bad Request ()
  Controllers
    e = 400 Bad Request ()

long
  MinimalApis
    e = 400 Bad Request ()
  Controllers
    r = 1

long[]
  MinimalApis
    e = 400 Bad Request ()
  Controllers
    e = 400 Bad Request ()

ulong
  MinimalApis
    e = 400 Bad Request ()
  Controllers
    r = 1

ulong[]
  MinimalApis
    e = 400 Bad Request ()
  Controllers
    e = 400 Bad Request ()

sbyte
  MinimalApis
    e = 400 Bad Request ()
  Controllers
    r = 1

sbyte[]
  MinimalApis
    e = 400 Bad Request ()
  Controllers
    e = 400 Bad Request ()

short
  MinimalApis
    e = 400 Bad Request ()
  Controllers
    r = 1

short[]
  MinimalApis
    e = 400 Bad Request ()
  Controllers
    e = 400 Bad Request ()

ushort
  MinimalApis
    e = 400 Bad Request ()
  Controllers
    r = 1

ushort[]
  MinimalApis
    e = 400 Bad Request ()
  Controllers
    e = 400 Bad Request ()

byte
  MinimalApis
    e = 400 Bad Request ()
  Controllers
    r = 1

byte[]
  MinimalApis
    e = 400 Bad Request ()
  Controllers
    e = 400 Bad Request ()
